C51 COMPILER V9.54   MAIN                                                                  04/27/2023 13:17:49 PAGE 1   


C51 COMPILER V9.54, COMPILATION OF MODULE MAIN
OBJECT MODULE PLACED IN .\Objects\main.obj
COMPILER INVOKED BY: D:\Keil5MDK\C51\BIN\C51.EXE main.c OPTIMIZE(8,SPEED) BROWSE DEBUG OBJECTEXTEND PRINT(.\Listings\mai
                    -n.lst) OBJECT(.\Objects\main.obj)

line level    source

   1          #include <REGX52.H>
   2          #include "Nixie.h"
   3          #include "Timer0.h"
   4          
   5          unsigned char KeyNum=0;
   6          
   7          void main()
   8          {
   9   1          Timer0_Init(); 
  10   1          ProcessInit();
  11   1          while(1)
  12   1          {
  13   2              KeyNum=Key();
*** WARNING C206 IN LINE 13 OF main.c: 'Key': missing function-prototype
  14   2              if(KeyNum==0)
  15   2              {
  16   3                  
  17   3              }
  18   2              if(KeyNum==1)
  19   2              {
  20   3      
  21   3              }
  22   2              if(KeyNum==2)
  23   2              {
  24   3      
  25   3              }
  26   2          }
  27   1      }
  28          
  29          void Timer0_Routine() interrupt 1
  30          {
  31   1              static unsigned int T0Count;
  32   1              TL0 = 0x66;                             //设置定时初始值
  33   1              TH0 = 0xFC;                             //设置定时初始值
  34   1              T0Count++;
  35   1              if(T0Count>=1000)
  36   1              {
  37   2                      T0Count=0;
  38   2              }
  39   1      }


MODULE INFORMATION:   STATIC OVERLAYABLE
   CODE SIZE        =     56    ----
   CONSTANT SIZE    =   ----    ----
   XDATA SIZE       =   ----    ----
   PDATA SIZE       =   ----    ----
   DATA SIZE        =      3    ----
   IDATA SIZE       =   ----    ----
   BIT SIZE         =   ----    ----
END OF MODULE INFORMATION.


C51 COMPILATION COMPLETE.  1 WARNING(S),  0 ERROR(S)
