******************************************************************************
                  TI ARM Linker PC v20.2.7                     
******************************************************************************
>> Linked Wed Jul 26 22:03:40 2023

OUTPUT FILE NAME:   <first.out>
ENTRY POINT SYMBOL: "__TI__c_int00_specialization"  address: 00000000


MEMORY CONFIGURATION

         name            origin    length      used     unused   attr    fill
----------------------  --------  ---------  --------  --------  ----  --------
  FLASH                 00000000   00020000  00000008  0001fff8  R  X
  GPRAM                 11000000   00002000  00000000  00002000  RW X
  SRAM                  20000000   00005000  00000100  00004f00  RW X


SEGMENT ALLOCATION MAP

run origin  load origin   length   init length attrs members
----------  ----------- ---------- ----------- ----- -------
00000000    00000000    00000008   00000008    rw-
  00000000    00000000    00000008   00000008    rw- .args
20004f00    20004f00    00000100   00000000    rw-
  20004f00    20004f00    00000100   00000000    rw- .stack


SECTION ALLOCATION MAP

 output                                  attributes/
section   page    origin      length       input sections
--------  ----  ----------  ----------   ----------------
.binit     0    00000000    00000000     

.cinit     0    00000000    00000000     UNINITIALIZED

.init_array 
*          0    00000000    00000000     UNINITIALIZED

.stack     0    20004f00    00000100     UNINITIALIZED
                  20004f00    00000004     rtsv7M3_T_le_eabi.lib : boot_cortex_m.c.obj (.stack)
                  20004f04    000000fc     --HOLE--

__llvm_prf_cnts 
*          0    20000000    00000000     UNINITIALIZED

.args      0    00000000    00000008     
                  00000000    00000008     --HOLE-- [fill = 0]

MODULE SUMMARY

       Module         code   ro data   rw data
       ------         ----   -------   -------
       Stack:         0      0         256    
    +--+--------------+------+---------+---------+
       Grand Total:   0      0         256    


GLOBAL SYMBOLS: SORTED ALPHABETICALLY BY Name 

address   name                   
-------   ----                   
UNDEFED   ResetISR               
20005000  __STACK_END            
00000100  __STACK_SIZE           
20005000  __STACK_TOP            
ffffffff  __TI_pprof_out_hndl    
ffffffff  __TI_prof_data_size    
ffffffff  __TI_prof_data_start   
00000000  __TI_static_base__     
ffffffff  __binit__              
00000000  __c_args__             
20004f00  __stack                
20000000  __start___llvm_prf_cnts
20000000  __stop___llvm_prf_cnts 
ffffffff  binit                  


GLOBAL SYMBOLS: SORTED BY Symbol Address 

address   name                   
-------   ----                   
00000000  __TI_static_base__     
00000000  __c_args__             
00000100  __STACK_SIZE           
20000000  __start___llvm_prf_cnts
20000000  __stop___llvm_prf_cnts 
20004f00  __stack                
20005000  __STACK_END            
20005000  __STACK_TOP            
ffffffff  __TI_pprof_out_hndl    
ffffffff  __TI_prof_data_size    
ffffffff  __TI_prof_data_start   
ffffffff  __binit__              
ffffffff  binit                  
UNDEFED   ResetISR               

[14 symbols]
